[INFO] Persistent cache dir: /Users/truonghoangnhu/Desktop/transpect-branch-project/work/table-whitespace-cleanup-20260405-235343/.cache/docx-html-math/transpect-sidecars
Referenced WMF parts: 312
Referenced BIN parts: 485
Unique WMF payloads (sha256): 312
Unique BIN payloads (sha256): 290
WMF cache hits: 0
WMF known-failed cache hits: 0
WMF cache misses queued for convert: 312
WMF preview parts suppressed from math conversion: 0
[INFO] Files queued for phase 'wmf-batch': 312
[INFO] wmf-batch source-dir: /Users/truonghoangnhu/Desktop/transpect-branch-project/work/table-whitespace-cleanup-20260405-235343/stage/wmf-needed-src
[INFO] wmf-batch source-dir-uri: file:///Users/truonghoangnhu/Desktop/transpect-branch-project/work/table-whitespace-cleanup-20260405-235343/stage/wmf-needed-src/
[INFO] wmf-batch target-dir-uri: file:///Users/truonghoangnhu/Desktop/transpect-branch-project/work/table-whitespace-cleanup-20260405-235343/mathml/wmf/
[INFO] Files newly written for phase 'wmf-batch': 312 (total in target: 312)
WMF cache writes: 311
WMF cache failure markers set: 1
WMF cache failure markers cleared: 0
WMF parts with usable MathML: 311
BIN parts required after WMF pass: 2
Unique BIN payloads required: 1
Non-equation preview parts suppressed: 0
BIN cache hits: 0
BIN known-failed cache hits: 0
BIN cache misses queued for convert: 1
[INFO] Files queued for phase 'bin-batch': 1
[INFO] bin-batch source-dir: /Users/truonghoangnhu/Desktop/transpect-branch-project/work/table-whitespace-cleanup-20260405-235343/stage/bin-convert-src
[INFO] bin-batch source-dir-uri: file:///Users/truonghoangnhu/Desktop/transpect-branch-project/work/table-whitespace-cleanup-20260405-235343/stage/bin-convert-src/
[INFO] bin-batch target-dir-uri: file:///Users/truonghoangnhu/Desktop/transpect-branch-project/work/table-whitespace-cleanup-20260405-235343/mathml/bin/
[INFO] Files newly written for phase 'bin-batch': 1 (total in target: 1)
BIN hashes requiring single-file fallback: 1
BIN cache writes: 0
BIN cache failure markers set: 1
BIN cache failure markers cleared: 0
Manifest entries: 311
Manifest WMF entries: 311
Manifest BIN entries: 0
Manifest written to: /Users/truonghoangnhu/Desktop/transpect-branch-project/work/table-whitespace-cleanup-20260405-235343/manifest.tsv
Timings written to:  /Users/truonghoangnhu/Desktop/transpect-branch-project/work/table-whitespace-cleanup-20260405-235343/timings.tsv
phase	seconds
extract	0.250
reference-scan-and-staging	0.348
wmf-cache-read	0.172
wmf-batch-convert	26.720
wmf-cache-write	0.160
bin-selection	0.057
bin-cache-read	0.074
bin-batch-convert	3.296
bin-single-fallback	0.043
bin-cache-write	0.047
manifest-write	0.059
reference-scan	0.348
wmf-convert	27.052
bin-fallback	3.517
equation-conversion-total	30.569
2026-04-05T16:54:15.929274Z main ERROR Log4j API could not find a logging provider.
Input:  /Users/truonghoangnhu/Desktop/transpect-branch-project/in/Toan_deso_11_TB.docx
Output: /Users/truonghoangnhu/Desktop/transpect-branch-project/out/table-whitespace-cleanup-20260405-235343/Toan_deso_11_TB-transpect.html
Subject: math
MathML manifest: /Users/truonghoangnhu/Desktop/transpect-branch-project/work/table-whitespace-cleanup-20260405-235343/manifest.tsv
OMML equations converted: 0
Transpect sidecar equations used: 492
OLE fallback images used: 2
  OLE equation previews: 2
  OLE diagram/chemical previews: 0
  OLE generic previews: 0
EMF/WMF previews encountered: 2
Unresolved Visio previews: 0
Text normalizations applied: 0
Chemistry inline fixes applied: 0
Chemistry arrow/symbol fixes applied: 0
Chemistry unit fixes applied: 0
Physics unit fixes applied: 0
Physics text fixes applied: 0
Mixed math/text cleanup fixes applied: 0
Math glyph/text fixes applied: 0
Empty paragraphs removed: 19
Table-adjacent empty paragraph cleanups: 12
Table-cell empty paragraphs removed: 0
Math-block flow cleanups: 2
EMF/WMF previews rasterized to PNG: 0
EMF/WMF raster-cache hits: 0
Unsupported OLE placeholders: 0
Conversion timings (ms):
  DOCX load: 717
  Body render: 9157
  OMML handling: 0
  MathType sidecar handling: 50
  Image/diagram rendering: 8946
  HTML cleanup: 62
  Essay figure policy: 8
  HTML build: 0
  Publish sanitize: 0
  HTML write: 2
  Converter total: 9884
Run timings written to: work/table-whitespace-cleanup-20260405-235343/run.timings.tsv
phase	seconds
sidecar-generation	32.081
java-conversion	11.441
total	43.580
real 43.76
user 70.97
sys 6.33
