[INFO] Conversion start reason: no cache key present
[INFO] Input: /Users/truonghoangnhu/Desktop/transpect-branch-project/in/Toan_deso_11_TB.docx
[INFO] Output: /Users/truonghoangnhu/Desktop/transpect-branch-project/out/single-pass-deterministic-20260406-012921/html/Toan_deso_11_TB-transpect.html
[INFO] Output directory (excluded from discovery policy): /Users/truonghoangnhu/Desktop/transpect-branch-project/out/single-pass-deterministic-20260406-012921/html
[INFO] Input SHA-256: 7fb385dad94a3df2aeb053451d061f69a7770e19755888facc74faaed244bf82
[INFO] Persistent cache dir: /Users/truonghoangnhu/Desktop/transpect-branch-project/work/batches/single-pass-deterministic-20260406-012921/.cache/docx-html-math/transpect-sidecars
Referenced WMF parts: 312
Referenced BIN parts: 485
Unique WMF payloads (sha256): 312
Unique BIN payloads (sha256): 290
WMF cache hits: 0
WMF known-failed cache hits: 0
WMF cache misses queued for convert: 312
WMF preview parts suppressed from math conversion: 0
[INFO] Files queued for phase 'wmf-batch': 312
[INFO] wmf-batch source-dir: /Users/truonghoangnhu/Desktop/transpect-branch-project/work/batches/single-pass-deterministic-20260406-012921/Toan_deso_11_TB/stage/wmf-needed-src
[INFO] wmf-batch source-dir-uri: file:///Users/truonghoangnhu/Desktop/transpect-branch-project/work/batches/single-pass-deterministic-20260406-012921/Toan_deso_11_TB/stage/wmf-needed-src/
[INFO] wmf-batch target-dir-uri: file:///Users/truonghoangnhu/Desktop/transpect-branch-project/work/batches/single-pass-deterministic-20260406-012921/Toan_deso_11_TB/mathml/wmf/
[INFO] Files newly written for phase 'wmf-batch': 312 (total in target: 312)
WMF cache writes: 311
WMF cache failure markers set: 1
WMF cache failure markers cleared: 0
WMF parts with usable MathML: 311
BIN parts required after WMF pass: 2
Unique BIN payloads required: 1
Non-equation preview parts suppressed: 0
BIN cache hits: 0
BIN known-failed cache hits: 0
BIN cache misses queued for convert: 1
[INFO] Files queued for phase 'bin-batch': 1
[INFO] bin-batch source-dir: /Users/truonghoangnhu/Desktop/transpect-branch-project/work/batches/single-pass-deterministic-20260406-012921/Toan_deso_11_TB/stage/bin-convert-src
[INFO] bin-batch source-dir-uri: file:///Users/truonghoangnhu/Desktop/transpect-branch-project/work/batches/single-pass-deterministic-20260406-012921/Toan_deso_11_TB/stage/bin-convert-src/
[INFO] bin-batch target-dir-uri: file:///Users/truonghoangnhu/Desktop/transpect-branch-project/work/batches/single-pass-deterministic-20260406-012921/Toan_deso_11_TB/mathml/bin/
[INFO] Files newly written for phase 'bin-batch': 1 (total in target: 1)
BIN hashes requiring single-file fallback: 1
BIN cache writes: 0
BIN cache failure markers set: 1
BIN cache failure markers cleared: 0
Manifest entries: 311
Manifest WMF entries: 311
Manifest BIN entries: 0
Manifest written to: /Users/truonghoangnhu/Desktop/transpect-branch-project/work/batches/single-pass-deterministic-20260406-012921/Toan_deso_11_TB/manifest.tsv
Timings written to:  /Users/truonghoangnhu/Desktop/transpect-branch-project/work/batches/single-pass-deterministic-20260406-012921/Toan_deso_11_TB/timings.tsv
phase	seconds
extract	0.145
reference-scan-and-staging	0.218
wmf-cache-read	0.155
wmf-batch-convert	18.584
wmf-cache-write	0.105
bin-selection	0.054
bin-cache-read	0.061
bin-batch-convert	2.418
bin-single-fallback	0.038
bin-cache-write	0.040
manifest-write	0.051
reference-scan	0.218
wmf-convert	18.844
bin-fallback	2.611
equation-conversion-total	21.455
2026-04-05T18:29:47.977627Z main ERROR Log4j API could not find a logging provider.
Input:  /Users/truonghoangnhu/Desktop/transpect-branch-project/in/Toan_deso_11_TB.docx
Output: /Users/truonghoangnhu/Desktop/transpect-branch-project/out/single-pass-deterministic-20260406-012921/html/Toan_deso_11_TB-transpect.html
Subject: math
MathML manifest: /Users/truonghoangnhu/Desktop/transpect-branch-project/work/batches/single-pass-deterministic-20260406-012921/Toan_deso_11_TB/manifest.tsv
OMML equations converted: 0
Transpect sidecar equations used: 492
OLE fallback images used: 2
  OLE equation previews: 2
  OLE diagram/chemical previews: 0
  OLE generic previews: 0
EMF/WMF previews encountered: 2
Unresolved Visio previews: 0
Text normalizations applied: 0
Chemistry inline fixes applied: 0
Chemistry arrow/symbol fixes applied: 0
Chemistry unit fixes applied: 0
Physics unit fixes applied: 0
Physics text fixes applied: 0
Mixed math/text cleanup fixes applied: 0
Math glyph/text fixes applied: 0
Empty paragraphs removed: 19
Table-adjacent empty paragraph cleanups: 12
Table-cell empty paragraphs removed: 0
Math-block flow cleanups: 2
Suppressed blank standalone images: 0
Suppressed nonessential standalone context images: 2
EMF/WMF previews rasterized to PNG: 0
EMF/WMF raster-cache hits: 0
Unsupported OLE placeholders: 0
Conversion timings (ms):
  DOCX load: 456
  Body render: 8144
  OMML handling: 0
  MathType sidecar handling: 27
  Image/diagram rendering: 8022
  HTML cleanup: 63
  Essay figure policy: 7
  HTML build: 0
  Publish sanitize: 0
  HTML write: 1
  Converter total: 8608
Run timings written to: /Users/truonghoangnhu/Desktop/transpect-branch-project/work/batches/single-pass-deterministic-20260406-012921/Toan_deso_11_TB/run.timings.tsv
phase	seconds
sidecar-generation	22.503
java-conversion	9.569
total	32.122
